// Jest Snapshot v1, https://goo.gl/fbAQLP

exports[`AbilityList snapshot 1`] = `
<div
  class="abilityList"
>
  <div
    class="ability"
  >
    <switch-with-label-stub
      label="test"
    />
  </div>
  <div
    class="ability"
  >
    <input-with-label-stub
      label="test"
      type="number"
      value="1"
    />
  </div>
</div>
`;
