// Jest Snapshot v1, https://goo.gl/fbAQLP

exports[`ShowJsonModal snapshot 1`] = `
<el-dialog-stub
  closeonclickmodal="true"
  closeonpressescape="true"
  customclass="modal"
  lockscroll="true"
  modal="true"
  modalappendtobody="true"
  modalfade="true"
  title=""
  top="15vh"
  visible="true"
>
  <span>
    <highlight-json-stub
      class="json"
      json="[object Object]"
    />
  </span>
  <span>
    <el-button-stub
      icon=""
      nativetype="button"
      type="default"
    >
      閉じる
    </el-button-stub>
    <el-button-stub
      icon=""
      nativetype="button"
      type="default"
    >
      コピーする
    </el-button-stub>
  </span>
</el-dialog-stub>
`;
