// Jest Snapshot v1, https://goo.gl/fbAQLP

exports[`SwitchWithLabel snapshot 1`] = `
<div
  class="switch-with-label"
>
  <el-switch-stub
    activecolor=""
    activeiconclass=""
    activevalue="true"
    class="switch"
    inactivecolor=""
    inactiveiconclass=""
    name=""
    validateevent="true"
    value="true"
    width="40"
  />
  <p
    class="label"
  >
    test
  </p>
</div>
`;
