// Jest Snapshot v1, https://goo.gl/fbAQLP

exports[`AppSelect snapshot 1`] = `
<el-select-stub
  autocomplete="off"
  multiplelimit="0"
  placeholder="placeholder"
  popperappendtobody="true"
  value=""
  valuekey="value"
>
  <el-option-stub
    label="option1"
    value="value1"
  />
  <el-option-stub
    label="option2"
    value="value2"
  />
</el-select-stub>
`;
