// Jest Snapshot v1, https://goo.gl/fbAQLP

exports[`Top snapshot 1`] = `
<div
  class="root"
>
  <div
    class="container"
  >
    <ability-list-stub
      abilities="[object Object],[object Object]"
      class="list"
    />
  </div>
  <div
    class="button-wrapper"
  >
    <el-button-stub
      class="generate-button"
      icon=""
      nativetype="button"
      type="infor"
    >
      設定ファイルの生成
    </el-button-stub>
  </div>
  <show-json-modal-stub />
</div>
`;
